2026-05-15T21:53:42.486Z - GET /api/system/time - Origin: undefined
2026-05-15T21:53:55.606Z - GET /api/system/time - Origin: undefined
2026-05-15T21:55:07.571Z - GET /api/notifications/unread-count/20?viewMode=management - Origin: undefined
2026-05-15T21:55:07.580Z - GET /api/notifications/20?viewMode=management - Origin: undefined
2026-05-15T21:55:07.583Z - GET /api/request/all - Origin: undefined
2026-05-15T21:55:07.588Z - GET /api/system/time - Origin: undefined
2026-05-15T21:55:07.654Z - GET /api/notifications/unread-count/20?viewMode=management - Origin: undefined
2026-05-15T21:55:07.663Z - GET /api/notifications/20?viewMode=management - Origin: undefined
2026-05-15T21:55:07.680Z - GET /api/request/all - Origin: undefined
2026-05-15T21:55:07.683Z - GET /api/system/time - Origin: undefined
2026-05-15T21:55:11.158Z - GET /api/notifications/unread-count/20?viewMode=management - Origin: undefined
2026-05-15T21:55:11.160Z - GET /api/notifications/20?viewMode=management - Origin: undefined
2026-05-15T21:55:11.161Z - GET /api/users/all - Origin: undefined
2026-05-15T21:55:11.164Z - GET /api/attendance/all?startDate=2026-05-16&endDate=2026-05-31 - Origin: undefined
2026-05-15T21:55:11.190Z - GET /api/notifications/unread-count/20?viewMode=management - Origin: undefined
2026-05-15T21:55:11.191Z - GET /api/notifications/20?viewMode=management - Origin: undefined
2026-05-15T21:55:11.195Z - GET /api/users/all - Origin: undefined
2026-05-15T21:55:11.199Z - GET /api/attendance/all?startDate=2026-05-16&endDate=2026-05-31 - Origin: undefined
2026-05-15T21:55:13.791Z - GET /api/notifications/unread-count/20?viewMode=management - Origin: undefined
2026-05-15T21:55:13.794Z - GET /api/notifications/20?viewMode=management - Origin: undefined
2026-05-15T21:55:13.798Z - GET /api/users/all - Origin: undefined
2026-05-15T21:55:13.800Z - GET /api/request/calendar-report?startDate=2026-01-01&endDate=2026-12-31 - Origin: undefined
2026-05-15T21:55:13.812Z - GET /api/notifications/unread-count/20?viewMode=management - Origin: undefined
2026-05-15T21:55:13.823Z - GET /api/notifications/20?viewMode=management - Origin: undefined
2026-05-15T21:55:13.827Z - GET /api/users/all - Origin: undefined
2026-05-15T21:55:13.851Z - GET /api/request/calendar-report?startDate=2026-01-01&endDate=2026-12-31 - Origin: undefined
2026-05-15T21:55:14.779Z - GET /api/attendance/occupancy - Origin: undefined
2026-05-15T21:55:14.780Z - GET /api/notifications/unread-count/20?viewMode=management - Origin: undefined
2026-05-15T21:55:14.783Z - GET /api/notifications/20?viewMode=management - Origin: undefined
2026-05-15T21:55:14.787Z - GET /api/attendance/stats - Origin: undefined
2026-05-15T21:55:14.789Z - GET /api/system/payroll-periods - Origin: undefined
2026-05-15T21:55:14.794Z - GET /api/request/all - Origin: undefined
2026-05-15T21:55:14.825Z - GET /api/attendance/overall-stats - Origin: undefined
2026-05-15T21:55:14.827Z - GET /api/notifications/unread-count/20?viewMode=management - Origin: undefined
2026-05-15T21:55:14.834Z - GET /api/attendance/occupancy - Origin: undefined
2026-05-15T21:55:14.848Z - GET /api/notifications/20?viewMode=management - Origin: undefined
2026-05-15T21:55:14.850Z - GET /api/request/all - Origin: undefined
2026-05-15T21:55:14.855Z - GET /api/system/payroll-periods - Origin: undefined
2026-05-15T21:55:14.865Z - GET /api/attendance/stats - Origin: undefined
2026-05-15T21:55:14.867Z - GET /api/attendance/overall-stats - Origin: undefined
2026-05-15T21:55:17.009Z - GET /api/system/time - Origin: undefined
2026-05-15T21:55:38.573Z - GET /api/system/time - Origin: undefined
2026-05-15T21:55:45.580Z - GET /api/notifications/unread-count/20?viewMode=management - Origin: undefined
2026-05-15T21:55:45.585Z - GET /api/notifications/20?viewMode=management - Origin: undefined
2026-05-15T21:56:08.563Z - GET /api/system/time - Origin: undefined
2026-05-15T21:56:15.575Z - GET /api/attendance/occupancy - Origin: undefined
2026-05-15T21:56:15.582Z - GET /api/notifications/unread-count/20?viewMode=management - Origin: undefined
2026-05-15T21:56:15.584Z - GET /api/notifications/20?viewMode=management - Origin: undefined
2026-05-15T21:56:15.595Z - GET /api/attendance/stats - Origin: undefined
2026-05-15T21:56:15.597Z - GET /api/request/all - Origin: undefined
2026-05-15T21:56:15.605Z - GET /api/attendance/overall-stats - Origin: undefined
2026-05-15T21:56:16.201Z - GET /api/attendance/occupancy - Origin: undefined
2026-05-15T21:56:16.203Z - GET /api/attendance/stats - Origin: undefined
2026-05-15T21:56:16.213Z - GET /api/system/payroll-periods - Origin: undefined
2026-05-15T21:56:16.215Z - GET /api/request/all - Origin: undefined
2026-05-15T21:56:16.218Z - GET /api/attendance/overall-stats - Origin: undefined
2026-05-15T21:56:16.228Z - GET /api/attendance/occupancy - Origin: undefined
2026-05-15T21:56:16.244Z - GET /api/system/payroll-periods - Origin: undefined
2026-05-15T21:56:16.247Z - GET /api/attendance/overall-stats - Origin: undefined
2026-05-15T21:56:16.252Z - GET /api/request/all - Origin: undefined
2026-05-15T21:56:16.254Z - GET /api/attendance/stats - Origin: undefined
2026-05-15T21:56:17.349Z - GET /api/notifications/unread-count/20?viewMode=management - Origin: undefined
2026-05-15T21:56:17.350Z - GET /api/notifications/20?viewMode=management - Origin: undefined
2026-05-15T21:56:17.351Z - GET /api/users/all - Origin: undefined
2026-05-15T21:56:17.352Z - GET /api/attendance/all?startDate=2026-05-16&endDate=2026-05-31 - Origin: undefined
2026-05-15T21:56:17.366Z - GET /api/notifications/unread-count/20?viewMode=management - Origin: undefined
2026-05-15T21:56:17.370Z - GET /api/notifications/20?viewMode=management - Origin: undefined
2026-05-15T21:56:17.373Z - GET /api/users/all - Origin: undefined
2026-05-15T21:56:17.375Z - GET /api/attendance/all?startDate=2026-05-16&endDate=2026-05-31 - Origin: undefined
2026-05-15T21:56:18.848Z - GET /api/notifications/unread-count/20?viewMode=management - Origin: undefined
2026-05-15T21:56:18.850Z - GET /api/notifications/20?viewMode=management - Origin: undefined
2026-05-15T21:56:18.855Z - GET /api/request/calendar-report?startDate=2026-01-01&endDate=2026-12-31 - Origin: undefined
2026-05-15T21:56:18.858Z - GET /api/users/all - Origin: undefined
2026-05-15T21:56:18.864Z - GET /api/notifications/unread-count/20?viewMode=management - Origin: undefined
2026-05-15T21:56:18.870Z - GET /api/notifications/20?viewMode=management - Origin: undefined
2026-05-15T21:56:18.874Z - GET /api/users/all - Origin: undefined
2026-05-15T21:56:18.884Z - GET /api/request/calendar-report?startDate=2026-01-01&endDate=2026-12-31 - Origin: undefined
2026-05-15T21:57:14.666Z - GET /api/notifications/unread-count/20?viewMode=management - Origin: undefined
2026-05-15T21:57:14.669Z - GET /api/notifications/20?viewMode=management - Origin: undefined
2026-05-15T21:57:14.673Z - GET /api/request/calendar-report?startDate=2026-01-01&endDate=2026-12-31 - Origin: undefined
2026-05-15T21:57:14.681Z - GET /api/users/all - Origin: undefined
2026-05-15T21:57:14.686Z - GET /api/system/time - Origin: undefined
2026-05-15T21:57:14.714Z - GET /api/notifications/unread-count/20?viewMode=management - Origin: undefined
2026-05-15T21:57:14.717Z - GET /api/notifications/20?viewMode=management - Origin: undefined
2026-05-15T21:57:14.721Z - GET /api/system/time - Origin: undefined
2026-05-15T21:57:14.726Z - GET /api/users/all - Origin: undefined
2026-05-15T21:57:14.731Z - GET /api/request/calendar-report?startDate=2026-01-01&endDate=2026-12-31 - Origin: undefined
2026-05-15T21:57:37.970Z - POST /api/system/batch-calendar - Origin: http://localhost:5173
2026-05-15T21:57:38.036Z - GET /api/request/calendar-report?startDate=2026-01-01&endDate=2026-12-31 - Origin: undefined
2026-05-15T21:57:42.931Z - GET /api/request/calendar-report?startDate=2026-01-01&endDate=2026-12-31 - Origin: undefined
2026-05-15T21:57:42.932Z - GET /api/users/all - Origin: undefined
2026-05-15T21:57:45.560Z - GET /api/notifications/unread-count/20?viewMode=management - Origin: undefined
2026-05-15T21:57:45.561Z - GET /api/notifications/20?viewMode=management - Origin: undefined
2026-05-15T21:57:45.565Z - GET /api/system/time - Origin: undefined
2026-05-15T21:58:15.579Z - GET /api/notifications/unread-count/20?viewMode=management - Origin: undefined
2026-05-15T21:58:15.585Z - GET /api/notifications/20?viewMode=management - Origin: undefined
2026-05-15T21:58:15.590Z - GET /api/system/time - Origin: undefined
2026-05-15T21:58:45.582Z - GET /api/notifications/unread-count/20?viewMode=management - Origin: undefined
2026-05-15T21:58:45.583Z - GET /api/notifications/20?viewMode=management - Origin: undefined
2026-05-15T21:58:45.584Z - GET /api/system/time - Origin: undefined
2026-05-15T21:59:09.936Z - POST /api/system/batch-calendar - Origin: http://localhost:5173
2026-05-15T21:59:10.047Z - GET /api/request/calendar-report?startDate=2026-01-01&endDate=2026-12-31 - Origin: undefined
2026-05-15T21:59:14.683Z - GET /api/notifications/unread-count/20?viewMode=management - Origin: undefined
2026-05-15T21:59:14.688Z - GET /api/notifications/20?viewMode=management - Origin: undefined
2026-05-15T21:59:14.699Z - GET /api/system/time - Origin: undefined
2026-05-15T21:59:44.680Z - GET /api/notifications/unread-count/20?viewMode=management - Origin: undefined
2026-05-15T21:59:44.681Z - GET /api/notifications/20?viewMode=management - Origin: undefined
2026-05-15T21:59:44.685Z - GET /api/system/time - Origin: undefined
2026-05-15T22:00:15.574Z - GET /api/notifications/unread-count/20?viewMode=management - Origin: undefined
2026-05-15T22:00:15.578Z - GET /api/notifications/20?viewMode=management - Origin: undefined
2026-05-15T22:00:15.580Z - GET /api/system/time - Origin: undefined
2026-05-15T22:00:45.584Z - GET /api/notifications/unread-count/20?viewMode=management - Origin: undefined
2026-05-15T22:00:45.591Z - GET /api/notifications/20?viewMode=management - Origin: undefined
2026-05-15T22:00:45.595Z - GET /api/system/time - Origin: undefined
2026-05-15T22:00:46.605Z - GET /api/request/calendar-report?startDate=2026-01-01&endDate=2026-12-31 - Origin: undefined
2026-05-15T22:00:46.611Z - GET /api/users/all - Origin: undefined
2026-05-15T22:01:12.510Z - POST /api/system/batch-calendar - Origin: http://localhost:5173
2026-05-15T22:01:14.681Z - GET /api/notifications/unread-count/20?viewMode=management - Origin: undefined
2026-05-15T22:01:14.682Z - GET /api/notifications/20?viewMode=management - Origin: undefined
2026-05-15T22:01:14.691Z - GET /api/system/time - Origin: undefined
2026-05-15T22:01:45.584Z - GET /api/notifications/unread-count/20?viewMode=management - Origin: undefined
2026-05-15T22:01:45.588Z - GET /api/notifications/20?viewMode=management - Origin: undefined
2026-05-15T22:01:45.589Z - GET /api/system/time - Origin: undefined
2026-05-15T22:02:15.569Z - GET /api/notifications/unread-count/20?viewMode=management - Origin: undefined
2026-05-15T22:02:15.572Z - GET /api/system/time - Origin: undefined
2026-05-15T22:02:15.574Z - GET /api/notifications/20?viewMode=management - Origin: undefined
2026-05-15T22:03:16.608Z - GET /api/notifications/unread-count/20?viewMode=management - Origin: undefined
2026-05-15T22:03:16.609Z - GET /api/notifications/20?viewMode=management - Origin: undefined
2026-05-15T22:03:16.610Z - GET /api/system/time - Origin: undefined
2026-05-15T22:04:16.634Z - GET /api/notifications/unread-count/20?viewMode=management - Origin: undefined
2026-05-15T22:04:16.637Z - GET /api/notifications/20?viewMode=management - Origin: undefined
2026-05-15T22:04:16.640Z - GET /api/system/time - Origin: undefined
2026-05-15T22:04:21.644Z - GET /api/request/calendar-report?startDate=2026-01-01&endDate=2026-12-31 - Origin: undefined
2026-05-15T22:04:21.645Z - GET /api/users/all - Origin: undefined
2026-05-15T22:05:00.674Z - GET /api/notifications/unread-count/20?viewMode=management - Origin: undefined
2026-05-15T22:05:00.676Z - GET /api/notifications/20?viewMode=management - Origin: undefined
2026-05-15T22:05:00.679Z - GET /api/system/time - Origin: undefined
2026-05-15T22:05:14.682Z - GET /api/notifications/unread-count/20?viewMode=management - Origin: undefined
2026-05-15T22:05:14.685Z - GET /api/notifications/20?viewMode=management - Origin: undefined
2026-05-15T22:05:14.694Z - GET /api/system/time - Origin: undefined
2026-05-15T22:05:44.687Z - GET /api/notifications/unread-count/20?viewMode=management - Origin: undefined
2026-05-15T22:05:44.689Z - GET /api/notifications/20?viewMode=management - Origin: undefined
2026-05-15T22:05:44.690Z - GET /api/system/time - Origin: undefined
2026-05-15T22:05:58.892Z - POST /api/system/batch-calendar - Origin: http://localhost:5173
2026-05-15T22:05:58.955Z - GET /api/request/calendar-report?startDate=2026-01-01&endDate=2026-12-31 - Origin: undefined
2026-05-15T22:06:03.430Z - GET /api/request/calendar-report?startDate=2026-01-01&endDate=2026-12-31 - Origin: undefined
2026-05-15T22:06:03.431Z - GET /api/users/all - Origin: undefined
2026-05-15T22:06:15.565Z - GET /api/notifications/unread-count/20?viewMode=management - Origin: undefined
2026-05-15T22:06:15.573Z - GET /api/notifications/20?viewMode=management - Origin: undefined
2026-05-15T22:06:15.574Z - GET /api/system/time - Origin: undefined
2026-05-15T22:06:26.589Z - GET /api/users/all - Origin: undefined
2026-05-15T22:06:26.590Z - GET /api/request/calendar-report?startDate=2026-01-01&endDate=2026-12-31 - Origin: undefined
2026-05-15T22:06:44.687Z - GET /api/notifications/unread-count/20?viewMode=management - Origin: undefined
2026-05-15T22:06:44.692Z - GET /api/notifications/20?viewMode=management - Origin: undefined
2026-05-15T22:06:44.695Z - GET /api/system/time - Origin: undefined
2026-05-15T22:06:54.854Z - POST /api/system/batch-calendar - Origin: http://localhost:5173
2026-05-15T22:07:14.692Z - GET /api/notifications/unread-count/20?viewMode=management - Origin: undefined
2026-05-15T22:07:14.696Z - GET /api/notifications/20?viewMode=management - Origin: undefined
2026-05-15T22:07:14.704Z - GET /api/system/time - Origin: undefined
2026-05-15T22:07:45.575Z - GET /api/notifications/unread-count/20?viewMode=management - Origin: undefined
2026-05-15T22:07:45.583Z - GET /api/notifications/20?viewMode=management - Origin: undefined
2026-05-15T22:07:45.586Z - GET /api/system/time - Origin: undefined
2026-05-15T22:08:15.577Z - GET /api/notifications/unread-count/20?viewMode=management - Origin: undefined
2026-05-15T22:08:15.582Z - GET /api/notifications/20?viewMode=management - Origin: undefined
2026-05-15T22:08:15.583Z - GET /api/system/time - Origin: undefined
2026-05-15T22:08:34.609Z - GET /api/notifications/unread-count/20?viewMode=management - Origin: undefined
2026-05-15T22:08:34.612Z - GET /api/notifications/20?viewMode=management - Origin: undefined
2026-05-15T22:08:34.613Z - GET /api/request/calendar-report?startDate=2026-01-01&endDate=2026-12-31 - Origin: undefined
2026-05-15T22:08:34.616Z - GET /api/users/all - Origin: undefined
2026-05-15T22:08:34.619Z - GET /api/system/time - Origin: undefined
2026-05-15T22:08:34.649Z - GET /api/notifications/unread-count/20?viewMode=management - Origin: undefined
2026-05-15T22:08:34.652Z - GET /api/notifications/20?viewMode=management - Origin: undefined
2026-05-15T22:08:34.657Z - GET /api/system/time - Origin: undefined
2026-05-15T22:08:34.664Z - GET /api/users/all - Origin: undefined
2026-05-15T22:08:34.667Z - GET /api/request/calendar-report?startDate=2026-01-01&endDate=2026-12-31 - Origin: undefined
2026-05-15T22:08:42.595Z - GET /api/request/calendar-report?startDate=2026-01-01&endDate=2026-12-31 - Origin: undefined
2026-05-15T22:08:42.596Z - GET /api/users/all - Origin: undefined
2026-05-15T22:08:58.086Z - GET /api/notifications/unread-count/20?viewMode=management - Origin: undefined
2026-05-15T22:08:58.089Z - GET /api/notifications/20?viewMode=management - Origin: undefined
2026-05-15T22:08:58.092Z - GET /api/users/all - Origin: undefined
2026-05-15T22:08:58.094Z - GET /api/request/calendar-report?startDate=2026-01-01&endDate=2026-12-31 - Origin: undefined
2026-05-15T22:08:58.101Z - GET /api/system/time - Origin: undefined
2026-05-15T22:08:58.130Z - GET /api/notifications/unread-count/20?viewMode=management - Origin: undefined
2026-05-15T22:08:58.134Z - GET /api/notifications/20?viewMode=management - Origin: undefined
2026-05-15T22:08:58.151Z - GET /api/users/all - Origin: undefined
2026-05-15T22:08:58.156Z - GET /api/system/time - Origin: undefined
2026-05-15T22:08:58.171Z - GET /api/request/calendar-report?startDate=2026-01-01&endDate=2026-12-31 - Origin: undefined
2026-05-15T22:09:28.097Z - GET /api/notifications/unread-count/20?viewMode=management - Origin: undefined
2026-05-15T22:09:28.099Z - GET /api/notifications/20?viewMode=management - Origin: undefined
2026-05-15T22:09:28.100Z - GET /api/system/time - Origin: undefined
2026-05-15T22:09:32.839Z - POST /api/system/batch-calendar - Origin: http://localhost:5173
2026-05-15T22:09:58.564Z - GET /api/notifications/unread-count/20?viewMode=management - Origin: undefined
2026-05-15T22:09:58.568Z - GET /api/notifications/20?viewMode=management - Origin: undefined
2026-05-15T22:09:58.569Z - GET /api/system/time - Origin: undefined
2026-05-15T22:10:28.580Z - GET /api/notifications/unread-count/20?viewMode=management - Origin: undefined
2026-05-15T22:10:28.585Z - GET /api/notifications/20?viewMode=management - Origin: undefined
2026-05-15T22:10:28.586Z - GET /api/system/time - Origin: undefined
2026-05-15T22:10:50.863Z - POST /api/system/batch-calendar - Origin: http://localhost:5173
2026-05-15T22:10:50.952Z - GET /api/request/calendar-report?startDate=2026-01-01&endDate=2026-12-31 - Origin: undefined
2026-05-15T22:10:58.093Z - GET /api/notifications/unread-count/20?viewMode=management - Origin: undefined
2026-05-15T22:10:58.094Z - GET /api/notifications/20?viewMode=management - Origin: undefined
2026-05-15T22:10:58.097Z - GET /api/system/time - Origin: undefined
2026-05-15T22:11:28.102Z - GET /api/notifications/unread-count/20?viewMode=management - Origin: undefined
2026-05-15T22:11:28.108Z - GET /api/notifications/20?viewMode=management - Origin: undefined
2026-05-15T22:11:28.113Z - GET /api/system/time - Origin: undefined
2026-05-15T22:11:58.102Z - GET /api/notifications/unread-count/20?viewMode=management - Origin: undefined
2026-05-15T22:11:58.104Z - GET /api/notifications/20?viewMode=management - Origin: undefined
2026-05-15T22:11:58.105Z - GET /api/system/time - Origin: undefined
2026-05-15T22:12:28.098Z - GET /api/notifications/unread-count/20?viewMode=management - Origin: undefined
2026-05-15T22:12:28.099Z - GET /api/notifications/20?viewMode=management - Origin: undefined
2026-05-15T22:12:28.100Z - GET /api/system/time - Origin: undefined
2026-05-15T22:12:39.125Z - POST /api/system/batch-calendar - Origin: http://localhost:5173
2026-05-15T22:12:39.150Z - GET /api/request/calendar-report?startDate=2026-01-01&endDate=2026-12-31 - Origin: undefined
2026-05-15T22:12:43.301Z - GET /api/request/calendar-report?startDate=2026-01-01&endDate=2026-12-31 - Origin: undefined
2026-05-15T22:12:43.302Z - GET /api/users/all - Origin: undefined
2026-05-15T22:12:43.694Z - GET /api/request/calendar-report?startDate=2026-01-01&endDate=2026-12-31 - Origin: undefined
2026-05-15T22:12:43.695Z - GET /api/users/all - Origin: undefined
2026-05-15T22:12:45.748Z - GET /api/users/all - Origin: undefined
2026-05-15T22:12:45.750Z - GET /api/request/calendar-report?startDate=2026-01-01&endDate=2026-12-31 - Origin: undefined
2026-05-15T22:12:46.383Z - GET /api/request/calendar-report?startDate=2026-01-01&endDate=2026-12-31 - Origin: undefined
2026-05-15T22:12:46.386Z - GET /api/users/all - Origin: undefined
2026-05-15T22:12:57.575Z - POST /api/system/batch-calendar - Origin: http://localhost:5173
2026-05-15T22:12:57.636Z - GET /api/request/calendar-report?startDate=2026-01-01&endDate=2026-12-31 - Origin: undefined
2026-05-15T22:12:58.093Z - GET /api/notifications/unread-count/20?viewMode=management - Origin: undefined
2026-05-15T22:12:58.096Z - GET /api/notifications/20?viewMode=management - Origin: undefined
2026-05-15T22:12:58.097Z - GET /api/system/time - Origin: undefined
2026-05-15T22:13:00.954Z - GET /api/request/calendar-report?startDate=2026-01-01&endDate=2026-12-31 - Origin: undefined
2026-05-15T22:13:00.955Z - GET /api/users/all - Origin: undefined
2026-05-15T22:13:28.570Z - GET /api/notifications/unread-count/20?viewMode=management - Origin: undefined
2026-05-15T22:13:28.574Z - GET /api/notifications/20?viewMode=management - Origin: undefined
2026-05-15T22:13:28.575Z - GET /api/system/time - Origin: undefined
2026-05-15T22:13:58.571Z - GET /api/notifications/unread-count/20?viewMode=management - Origin: undefined
2026-05-15T22:13:58.575Z - GET /api/notifications/20?viewMode=management - Origin: undefined
2026-05-15T22:13:58.579Z - GET /api/system/time - Origin: undefined
2026-05-15T22:14:28.584Z - GET /api/notifications/unread-count/20?viewMode=management - Origin: undefined
2026-05-15T22:14:28.592Z - GET /api/notifications/20?viewMode=management - Origin: undefined
2026-05-15T22:14:28.595Z - GET /api/system/time - Origin: undefined
2026-05-15T22:14:58.572Z - GET /api/notifications/unread-count/20?viewMode=management - Origin: undefined
2026-05-15T22:14:58.574Z - GET /api/notifications/20?viewMode=management - Origin: undefined
2026-05-15T22:14:58.581Z - GET /api/system/time - Origin: undefined
2026-05-15T22:16:16.608Z - GET /api/notifications/unread-count/20?viewMode=management - Origin: undefined
2026-05-15T22:16:16.613Z - GET /api/notifications/20?viewMode=management - Origin: undefined
2026-05-15T22:16:16.617Z - GET /api/system/time - Origin: undefined
2026-05-15T22:17:16.610Z - GET /api/notifications/unread-count/20?viewMode=management - Origin: undefined
2026-05-15T22:17:16.619Z - GET /api/notifications/20?viewMode=management - Origin: undefined
2026-05-15T22:17:16.620Z - GET /api/system/time - Origin: undefined
2026-05-15T22:18:16.600Z - GET /api/notifications/unread-count/20?viewMode=management - Origin: undefined
2026-05-15T22:18:16.604Z - GET /api/notifications/20?viewMode=management - Origin: undefined
2026-05-15T22:18:16.609Z - GET /api/system/time - Origin: undefined
2026-05-15T22:19:16.600Z - GET /api/notifications/unread-count/20?viewMode=management - Origin: undefined
2026-05-15T22:19:16.604Z - GET /api/notifications/20?viewMode=management - Origin: undefined
2026-05-15T22:19:16.606Z - GET /api/system/time - Origin: undefined
2026-05-15T22:19:28.570Z - GET /api/notifications/unread-count/20?viewMode=management - Origin: undefined
2026-05-15T22:19:28.572Z - GET /api/notifications/20?viewMode=management - Origin: undefined
2026-05-15T22:19:28.573Z - GET /api/system/time - Origin: undefined
2026-05-15T22:19:40.576Z - GET /api/notifications/unread-count/20?viewMode=management - Origin: undefined
2026-05-15T22:19:40.578Z - GET /api/notifications/20?viewMode=management - Origin: undefined
2026-05-15T22:19:40.582Z - GET /api/request/calendar-report?startDate=2026-01-01&endDate=2026-12-31 - Origin: undefined
2026-05-15T22:19:40.584Z - GET /api/users/all - Origin: undefined
2026-05-15T22:19:40.585Z - GET /api/system/time - Origin: undefined
2026-05-15T22:19:40.603Z - GET /api/notifications/unread-count/20?viewMode=management - Origin: undefined
2026-05-15T22:19:40.609Z - GET /api/notifications/20?viewMode=management - Origin: undefined
2026-05-15T22:19:40.623Z - GET /api/users/all - Origin: undefined
2026-05-15T22:19:40.632Z - GET /api/system/time - Origin: undefined
2026-05-15T22:19:40.655Z - GET /api/request/calendar-report?startDate=2026-01-01&endDate=2026-12-31 - Origin: undefined
2026-05-15T22:19:43.095Z - POST /api/system/sync-holidays - Origin: http://localhost:5173
2026-05-15T22:19:43.904Z - GET /api/request/calendar-report?startDate=2026-01-01&endDate=2026-12-31 - Origin: undefined
2026-05-15T22:19:52.723Z - POST /api/system/batch-calendar - Origin: http://localhost:5173
2026-05-15T22:19:52.761Z - GET /api/request/calendar-report?startDate=2026-01-01&endDate=2026-12-31 - Origin: undefined
2026-05-15T22:20:03.111Z - POST /api/system/batch-calendar - Origin: http://localhost:5173
2026-05-15T22:20:03.170Z - GET /api/request/calendar-report?startDate=2026-01-01&endDate=2026-12-31 - Origin: undefined
2026-05-15T22:20:10.583Z - GET /api/notifications/unread-count/20?viewMode=management - Origin: undefined
2026-05-15T22:20:10.585Z - GET /api/notifications/20?viewMode=management - Origin: undefined
2026-05-15T22:20:10.587Z - GET /api/system/time - Origin: undefined
2026-05-15T22:20:18.527Z - GET /api/notifications/unread-count/20?viewMode=employee - Origin: undefined
2026-05-15T22:20:18.530Z - GET /api/notifications/20?viewMode=employee - Origin: undefined
2026-05-15T22:20:18.552Z - GET /api/notifications/unread-count/20?viewMode=employee - Origin: undefined
2026-05-15T22:20:18.554Z - GET /api/notifications/20?viewMode=employee - Origin: undefined
2026-05-15T22:20:18.556Z - GET /api/attendance/employee-dashboard/20 - Origin: undefined
2026-05-15T22:20:18.561Z - GET /api/notifications/unread-count/20 - Origin: undefined
2026-05-15T22:20:18.567Z - GET /api/notifications/unread-count/20?viewMode=employee - Origin: undefined
2026-05-15T22:20:18.571Z - GET /api/notifications/20?viewMode=employee - Origin: undefined
2026-05-15T22:20:18.574Z - GET /api/notifications/unread-count/20 - Origin: undefined
2026-05-15T22:20:18.622Z - GET /api/attendance/employee-dashboard/20 - Origin: undefined
2026-05-15T22:20:21.061Z - GET /api/notifications/unread-count/20?viewMode=employee - Origin: undefined
2026-05-15T22:20:21.068Z - GET /api/notifications/20?viewMode=employee - Origin: undefined
2026-05-15T22:20:21.071Z - GET /api/request/report/calendar?startDate=2026-01-01&endDate=2026-12-31&user_Id=20 - Origin: undefined
2026-05-15T22:20:21.075Z - GET /api/notifications/unread-count/20?viewMode=employee - Origin: undefined
2026-05-15T22:20:21.080Z - GET /api/notifications/20?viewMode=employee - Origin: undefined
2026-05-15T22:20:21.090Z - GET /api/request/report/calendar?startDate=2026-01-01&endDate=2026-12-31&user_Id=20 - Origin: undefined
2026-05-15T22:20:33.947Z - POST /api/auth/login - Origin: http://localhost:5173
2026-05-15T22:20:35.341Z - GET /api/attendance/occupancy - Origin: undefined
2026-05-15T22:20:35.344Z - GET /api/notifications/2?viewMode=management - Origin: undefined
2026-05-15T22:20:35.346Z - GET /api/notifications/unread-count/2?viewMode=management - Origin: undefined
2026-05-15T22:20:35.347Z - GET /api/request/pending-count - Origin: undefined
2026-05-15T22:20:35.354Z - GET /api/attendance/stats - Origin: undefined
2026-05-15T22:20:35.360Z - GET /api/system/payroll-periods - Origin: undefined
2026-05-15T22:20:35.367Z - GET /api/request/all - Origin: undefined
2026-05-15T22:20:35.369Z - GET /api/attendance/overall-stats - Origin: undefined
2026-05-15T22:20:35.378Z - GET /api/attendance/occupancy - Origin: undefined
2026-05-15T22:20:35.390Z - GET /api/notifications/2?viewMode=management - Origin: undefined
2026-05-15T22:20:35.418Z - GET /api/notifications/unread-count/2?viewMode=management - Origin: undefined
2026-05-15T22:20:35.422Z - GET /api/request/pending-count - Origin: undefined
2026-05-15T22:20:35.426Z - GET /api/request/all - Origin: undefined
2026-05-15T22:20:35.428Z - GET /api/attendance/overall-stats - Origin: undefined
2026-05-15T22:20:35.429Z - GET /api/system/payroll-periods - Origin: undefined
2026-05-15T22:20:35.442Z - GET /api/attendance/stats - Origin: undefined
2026-05-15T22:20:36.705Z - GET /api/users/all - Origin: undefined
2026-05-15T22:20:36.710Z - GET /api/notifications/unread-count/2?viewMode=management - Origin: undefined
2026-05-15T22:20:36.711Z - GET /api/notifications/2?viewMode=management - Origin: undefined
2026-05-15T22:20:36.717Z - GET /api/notifications/unread-count/2?viewMode=management - Origin: undefined
2026-05-15T22:20:36.718Z - GET /api/notifications/2?viewMode=management - Origin: undefined
2026-05-15T22:20:36.720Z - GET /api/users/all - Origin: undefined
2026-05-15T22:20:37.326Z - GET /api/notifications/unread-count/2?viewMode=management - Origin: undefined
2026-05-15T22:20:37.331Z - GET /api/notifications/2?viewMode=management - Origin: undefined
2026-05-15T22:20:37.338Z - GET /api/request/calendar-report?startDate=2026-01-01&endDate=2026-12-31 - Origin: undefined
2026-05-15T22:20:37.344Z - GET /api/users/all - Origin: undefined
2026-05-15T22:20:37.350Z - GET /api/notifications/2?viewMode=management - Origin: undefined
2026-05-15T22:20:37.353Z - GET /api/notifications/unread-count/2?viewMode=management - Origin: undefined
2026-05-15T22:20:37.365Z - GET /api/users/all - Origin: undefined
2026-05-15T22:20:37.368Z - GET /api/request/calendar-report?startDate=2026-01-01&endDate=2026-12-31 - Origin: undefined
2026-05-15T22:20:40.587Z - GET /api/system/time - Origin: undefined
